C:\Users\user\AppData\Roaming\Python\Python314\site-packages\google\auth\transport\grpc.py:44: FutureWarning: grpcio < 1.83.0 does not support Post-Quantum Cryptography (PQC). Support for non-PQC environments is deprecated. In October 2026, google-auth will raise its minimum requirements to enforce grpcio >= 1.83.0. For more details on Google Cloud's post-quantum security migration, visit: https://cloud.google.com/security/resources/post-quantum-cryptography
  warnings.warn(
INFO:     Started server process [6288]
INFO:     Waiting for application startup.
INFO:     Application startup complete.
INFO:     Uvicorn running on http://0.0.0.0:8000 (Press CTRL+C to quit)
No signature header provided
Telegram webhook verification failed for seller: sl36LXumSKafrZIW357HBj27iXo2
No signature header provided
Telegram webhook verification failed for seller: sl36LXumSKafrZIW357HBj27iXo2
No signature header provided
Telegram webhook verification failed for seller: sl36LXumSKafrZIW357HBj27iXo2
No signature header provided
Telegram webhook verification failed for seller: sl36LXumSKafrZIW357HBj27iXo2
No signature header provided
Telegram webhook verification failed for seller: sl36LXumSKafrZIW357HBj27iXo2
No signature header provided
Telegram webhook verification failed for seller: sl36LXumSKafrZIW357HBj27iXo2
No signature header provided
Telegram webhook verification failed for seller: sl36LXumSKafrZIW357HBj27iXo2
No signature header provided
Telegram webhook verification failed for seller: sl36LXumSKafrZIW357HBj27iXo2
No signature header provided
Telegram webhook verification failed for seller: sl36LXumSKafrZIW357HBj27iXo2
No signature header provided
Telegram webhook verification failed for seller: sl36LXumSKafrZIW357HBj27iXo2
No signature header provided
Telegram webhook verification failed for seller: sl36LXumSKafrZIW357HBj27iXo2
No signature header provided
Telegram webhook verification failed for seller: sl36LXumSKafrZIW357HBj27iXo2
No signature header provided
Telegram webhook verification failed for seller: sl36LXumSKafrZIW357HBj27iXo2
No signature header provided
Telegram webhook verification failed for seller: sl36LXumSKafrZIW357HBj27iXo2
No signature header provided
Telegram webhook verification failed for seller: sl36LXumSKafrZIW357HBj27iXo2
No signature header provided
Telegram webhook verification failed for seller: sl36LXumSKafrZIW357HBj27iXo2
